[a0.25_T1] alpha=0.25 temperature=1.0 method=combined grad_match=False
[a0.25_T1] device=cuda visible=1 env={'torch': '2.11.0+rocm7.2', 'transformers': '5.13.0', 'datasets': '5.0.0', 'device_count': 1, 'gpu': 'AMD Radeon PRO W7900'}
Warning: You are sending unauthenticated requests to the HF Hub. Please set a HF_TOKEN to enable higher rate limits and faster downloads.
[a0.25_T1] batches: train=145 val=15 test=18
Loading weights:   0%|          | 0/148 [00:00<?, ?it/s]Loading weights: 100%|██████████| 148/148 [00:00<00:00, 21857.64it/s]
[a0.25_T1] student params: 30,339,456
[transformers] `loss_type=None` was set in the config but it is unrecognized. Using the default loss: `ForCausalLMLoss`.
[a0.25_T1] a0.25_T1 epoch 1/50: train loss 4.7179, val ppl 670.45
[a0.25_T1] a0.25_T1 epoch 2/50: train loss 3.7814, val ppl 432.62
[a0.25_T1] a0.25_T1 epoch 3/50: train loss 3.4265, val ppl 346.01
[a0.25_T1] a0.25_T1 epoch 4/50: train loss 3.1743, val ppl 281.07
[a0.25_T1] a0.25_T1 epoch 5/50: train loss 2.9467, val ppl 236.87
[a0.25_T1] a0.25_T1 epoch 6/50: train loss 2.7423, val ppl 198.90
[a0.25_T1] a0.25_T1 epoch 7/50: train loss 2.5619, val ppl 172.58
[a0.25_T1] a0.25_T1 epoch 8/50: train loss 2.4112, val ppl 154.44
[a0.25_T1] a0.25_T1 epoch 9/50: train loss 2.2825, val ppl 141.57
[a0.25_T1] a0.25_T1 epoch 10/50: train loss 2.1745, val ppl 130.92
[a0.25_T1] a0.25_T1 epoch 11/50: train loss 2.0840, val ppl 122.18
[a0.25_T1] a0.25_T1 epoch 12/50: train loss 2.0052, val ppl 116.52
[a0.25_T1] a0.25_T1 epoch 13/50: train loss 1.9380, val ppl 111.01
[a0.25_T1] a0.25_T1 epoch 14/50: train loss 1.8773, val ppl 107.85
[a0.25_T1] a0.25_T1 epoch 15/50: train loss 1.8263, val ppl 104.84
[a0.25_T1] a0.25_T1 epoch 16/50: train loss 1.7816, val ppl 102.59
[a0.25_T1] a0.25_T1 epoch 17/50: train loss 1.7399, val ppl 100.99
[a0.25_T1] a0.25_T1 epoch 18/50: train loss 1.7039, val ppl 98.58
[a0.25_T1] a0.25_T1 epoch 19/50: train loss 1.6705, val ppl 96.25
[a0.25_T1] a0.25_T1 epoch 20/50: train loss 1.6384, val ppl 94.99
[a0.25_T1] a0.25_T1 epoch 21/50: train loss 1.6130, val ppl 94.60
[a0.25_T1] a0.25_T1 epoch 22/50: train loss 1.5875, val ppl 93.73
[a0.25_T1] a0.25_T1 epoch 23/50: train loss 1.5643, val ppl 92.71
[a0.25_T1] a0.25_T1 epoch 24/50: train loss 1.5440, val ppl 92.24
[a0.25_T1] a0.25_T1 epoch 25/50: train loss 1.5231, val ppl 91.04
[a0.25_T1] a0.25_T1 epoch 26/50: train loss 1.5046, val ppl 90.56
[a0.25_T1] a0.25_T1 epoch 27/50: train loss 1.4912, val ppl 89.71
[a0.25_T1] a0.25_T1 epoch 28/50: train loss 1.4720, val ppl 89.15
[a0.25_T1] a0.25_T1 epoch 29/50: train loss 1.4576, val ppl 88.26
[a0.25_T1] a0.25_T1 epoch 30/50: train loss 1.4430, val ppl 87.86
[a0.25_T1] a0.25_T1 epoch 31/50: train loss 1.4309, val ppl 87.51
[a0.25_T1] a0.25_T1 epoch 32/50: train loss 1.4177, val ppl 86.53
[a0.25_T1] a0.25_T1 epoch 33/50: train loss 1.4053, val ppl 86.27
[a0.25_T1] a0.25_T1 epoch 34/50: train loss 1.3964, val ppl 86.17
[a0.25_T1] a0.25_T1 epoch 35/50: train loss 1.3854, val ppl 86.07
[a0.25_T1] a0.25_T1 epoch 36/50: train loss 1.3747, val ppl 85.48
[a0.25_T1] a0.25_T1 epoch 37/50: train loss 1.3665, val ppl 85.43
[a0.25_T1] a0.25_T1 epoch 38/50: train loss 1.3580, val ppl 84.67
[a0.25_T1] a0.25_T1 epoch 39/50: train loss 1.3494, val ppl 84.35
[a0.25_T1] a0.25_T1 epoch 40/50: train loss 1.3420, val ppl 84.26
[a0.25_T1] a0.25_T1 epoch 41/50: train loss 1.3339, val ppl 83.84
[a0.25_T1] a0.25_T1 epoch 42/50: train loss 1.3269, val ppl 84.07
[a0.25_T1] a0.25_T1 epoch 43/50: train loss 1.3186, val ppl 83.22
[a0.25_T1] a0.25_T1 epoch 44/50: train loss 1.3121, val ppl 84.36
[a0.25_T1] a0.25_T1 epoch 45/50: train loss 1.3074, val ppl 83.86
[a0.25_T1] Early stopping a0.25_T1: validation perplexity did not improve.
[a0.25_T1] Restored a0.25_T1 to epoch 43 (val ppl 83.22)
[a0.25_T1] final: val ppl 83.22, test ppl 85.59
Writing model shards:   0%|          | 0/1 [00:00<?, ?it/s]Writing model shards: 100%|██████████| 1/1 [00:00<00:00, 10.64it/s]
[a0.25_T1] saved checkpoint -> /home/jarvis/ECE1508_distillation/checkpoints/a0.25_T1
[a0.25_T1] wrote /home/jarvis/ECE1508_distillation/results/runs/a0.25_T1.json (best epoch 43, best val ppl 83.22, test ppl 85.59)
